// Jest Snapshot v1, https://goo.gl/fbAQLP

exports[`<Footer /> renders the <Footer /> with populated data 1`] = `
<div
  class="footer__Container-sc-gns177-0 gWMjfC"
>
  <p
    class="footer__Title-sc-gns177-4 jxcirP"
  >
    Questions? Contact us.
  </p>
  <div
    class="footer__Break-sc-gns177-6 hSmhvE"
  />
  <div
    class="footer__Row-sc-gns177-2 cFDnrR"
  >
    <div
      class="footer__Column-sc-gns177-1 gbCHbq"
    >
      <a
        class="footer__Link-sc-gns177-3 dinAPS"
        href="#"
      >
        FAQ
      </a>
      <a
        class="footer__Link-sc-gns177-3 dinAPS"
        href="#"
      >
        Investor Relations
      </a>
      <a
        class="footer__Link-sc-gns177-3 dinAPS"
        href="#"
      >
        Ways to Watch
      </a>
      <a
        class="footer__Link-sc-gns177-3 dinAPS"
        href="#"
      >
        Corporate Information
      </a>
      <a
        class="footer__Link-sc-gns177-3 dinAPS"
        href="#"
      >
        Netflix Originals
      </a>
    </div>
    <div
      class="footer__Column-sc-gns177-1 gbCHbq"
    >
      <a
        class="footer__Link-sc-gns177-3 dinAPS"
        href="#"
      >
        Help Centre
      </a>
      <a
        class="footer__Link-sc-gns177-3 dinAPS"
        href="#"
      >
        Jobs
      </a>
      <a
        class="footer__Link-sc-gns177-3 dinAPS"
        href="#"
      >
        Terms of Use
      </a>
      <a
        class="footer__Link-sc-gns177-3 dinAPS"
        href="#"
      >
        Contact Us
      </a>
    </div>
    <div
      class="footer__Column-sc-gns177-1 gbCHbq"
    >
      <a
        class="footer__Link-sc-gns177-3 dinAPS"
        href="#"
      >
        Account
      </a>
      <a
        class="footer__Link-sc-gns177-3 dinAPS"
        href="#"
      >
        Redeem gift cards
      </a>
      <a
        class="footer__Link-sc-gns177-3 dinAPS"
        href="#"
      >
        Privacy
      </a>
      <a
        class="footer__Link-sc-gns177-3 dinAPS"
        href="#"
      >
        Speed Test
      </a>
    </div>
    <div
      class="footer__Column-sc-gns177-1 gbCHbq"
    >
      <a
        class="footer__Link-sc-gns177-3 dinAPS"
        href="#"
      >
        Media Centre
      </a>
      <a
        class="footer__Link-sc-gns177-3 dinAPS"
        href="#"
      >
        Buy gift cards
      </a>
      <a
        class="footer__Link-sc-gns177-3 dinAPS"
        href="#"
      >
        Cookie Preferences
      </a>
      <a
        class="footer__Link-sc-gns177-3 dinAPS"
        href="#"
      >
        Legal Notices
      </a>
    </div>
  </div>
  <div
    class="footer__Break-sc-gns177-6 hSmhvE"
  />
  <p
    class="footer__Text-sc-gns177-5 ikmRFi"
  >
    Netflix United Kingdom
  </p>
</div>
`;
