// Jest Snapshot v1, https://goo.gl/fbAQLP

exports[`<OptForm /> renders the <OptForm /> With populated data 1`] = `
<div
  class="opt-form__Container-sc-wo1u8i-0 bTjVvD"
>
  <input
    class="opt-form__Input-sc-wo1u8i-1 gNEEq"
    placeholder="Email address"
  />
  <button
    class="opt-form__Button-sc-wo1u8i-3 ewGvjU"
  >
    Try it now
     
    <img
      alt="Try Now"
      src="/images/icons/chevron-right.png"
    />
  </button>
  <div
    class="opt-form__Break-sc-wo1u8i-2 ccwgBj"
  />
  <p
    class="opt-form__Text-sc-wo1u8i-4 dVLbyi"
  >
    Ready to watch? Enter your email to create or restart your membership.
  </p>
</div>
`;
